###############################################################################
#
# IAR ELF Linker V8.32.3.193/W32 for ARM                  15/Apr/2019  23:02:58
# Copyright 2007-2019 IAR Systems AB.
#
#    Output file  =  
#        C:\Users\JM\Desktop\stm32_learn\lcd 12864
#        Driver(SPI)\IAR\EWARM\IAR\Exe\IAR.out
#    Map file     =  
#        C:\Users\JM\Desktop\stm32_learn\lcd 12864
#        Driver(SPI)\IAR\EWARM\IAR\List\IAR.map
#    Command line =  
#        -f C:\Users\JM\AppData\Local\Temp\EWF606.tmp
#        ("C:\Users\JM\Desktop\stm32_learn\lcd 12864
#        Driver(SPI)\IAR\EWARM\IAR\Obj\font.o"
#        "C:\Users\JM\Desktop\stm32_learn\lcd 12864
#        Driver(SPI)\IAR\EWARM\IAR\Obj\gpio.o"
#        "C:\Users\JM\Desktop\stm32_learn\lcd 12864
#        Driver(SPI)\IAR\EWARM\IAR\Obj\lcd.o"
#        "C:\Users\JM\Desktop\stm32_learn\lcd 12864
#        Driver(SPI)\IAR\EWARM\IAR\Obj\main.o"
#        "C:\Users\JM\Desktop\stm32_learn\lcd 12864
#        Driver(SPI)\IAR\EWARM\IAR\Obj\spi.o"
#        "C:\Users\JM\Desktop\stm32_learn\lcd 12864
#        Driver(SPI)\IAR\EWARM\IAR\Obj\startup_stm32f103xb.o"
#        "C:\Users\JM\Desktop\stm32_learn\lcd 12864
#        Driver(SPI)\IAR\EWARM\IAR\Obj\stm32f1xx_hal.o"
#        "C:\Users\JM\Desktop\stm32_learn\lcd 12864
#        Driver(SPI)\IAR\EWARM\IAR\Obj\stm32f1xx_hal_cortex.o"
#        "C:\Users\JM\Desktop\stm32_learn\lcd 12864
#        Driver(SPI)\IAR\EWARM\IAR\Obj\stm32f1xx_hal_dma.o"
#        "C:\Users\JM\Desktop\stm32_learn\lcd 12864
#        Driver(SPI)\IAR\EWARM\IAR\Obj\stm32f1xx_hal_flash.o"
#        "C:\Users\JM\Desktop\stm32_learn\lcd 12864
#        Driver(SPI)\IAR\EWARM\IAR\Obj\stm32f1xx_hal_flash_ex.o"
#        "C:\Users\JM\Desktop\stm32_learn\lcd 12864
#        Driver(SPI)\IAR\EWARM\IAR\Obj\stm32f1xx_hal_gpio.o"
#        "C:\Users\JM\Desktop\stm32_learn\lcd 12864
#        Driver(SPI)\IAR\EWARM\IAR\Obj\stm32f1xx_hal_gpio_ex.o"
#        "C:\Users\JM\Desktop\stm32_learn\lcd 12864
#        Driver(SPI)\IAR\EWARM\IAR\Obj\stm32f1xx_hal_msp.o"
#        "C:\Users\JM\Desktop\stm32_learn\lcd 12864
#        Driver(SPI)\IAR\EWARM\IAR\Obj\stm32f1xx_hal_pwr.o"
#        "C:\Users\JM\Desktop\stm32_learn\lcd 12864
#        Driver(SPI)\IAR\EWARM\IAR\Obj\stm32f1xx_hal_rcc.o"
#        "C:\Users\JM\Desktop\stm32_learn\lcd 12864
#        Driver(SPI)\IAR\EWARM\IAR\Obj\stm32f1xx_hal_rcc_ex.o"
#        "C:\Users\JM\Desktop\stm32_learn\lcd 12864
#        Driver(SPI)\IAR\EWARM\IAR\Obj\stm32f1xx_hal_spi.o"
#        "C:\Users\JM\Desktop\stm32_learn\lcd 12864
#        Driver(SPI)\IAR\EWARM\IAR\Obj\stm32f1xx_hal_spi_ex.o"
#        "C:\Users\JM\Desktop\stm32_learn\lcd 12864
#        Driver(SPI)\IAR\EWARM\IAR\Obj\stm32f1xx_hal_tim.o"
#        "C:\Users\JM\Desktop\stm32_learn\lcd 12864
#        Driver(SPI)\IAR\EWARM\IAR\Obj\stm32f1xx_hal_tim_ex.o"
#        "C:\Users\JM\Desktop\stm32_learn\lcd 12864
#        Driver(SPI)\IAR\EWARM\IAR\Obj\stm32f1xx_it.o"
#        "C:\Users\JM\Desktop\stm32_learn\lcd 12864
#        Driver(SPI)\IAR\EWARM\IAR\Obj\system_stm32f1xx.o" --redirect
#        _Printf=_PrintfFull --redirect _Scanf=_ScanfFull --no_out_extension -o
#        "C:\Users\JM\Desktop\stm32_learn\lcd 12864
#        Driver(SPI)\IAR\EWARM\IAR\Exe\IAR.out" --map
#        "C:\Users\JM\Desktop\stm32_learn\lcd 12864
#        Driver(SPI)\IAR\EWARM\IAR\List\IAR.map" --config
#        "C:\Users\JM\Desktop\stm32_learn\lcd 12864
#        Driver(SPI)\IAR\EWARM/stm32f103xb_flash.icf" --semihosting --entry
#        __iar_program_start --vfe --text_out locale)
#
###############################################################################

*******************************************************************************
*** RUNTIME MODEL ATTRIBUTES
***

CppFlavor       = *
__SystemLibrary = DLib
__dlib_version  = 6


*******************************************************************************
*** HEAP SELECTION
***

The basic heap was selected because no calls to memory allocation
functions were found in the application outside of system library
functions, and there are calls to deallocation functions in the
application.


*******************************************************************************
*** PLACEMENT SUMMARY
***

"A0":  place at 0x800'0000 { ro section .intvec };
"P1":  place in [from 0x800'0000 to 0x801'ffff] { ro };
define block CSTACK with size = 1K, alignment = 8 { };
define block HEAP with size = 512, alignment = 8 { };
"P2":  place in [from 0x2000'0000 to 0x2000'4fff] {
          rw, block CSTACK, block HEAP };
initialize by copy { rw };

  Section            Kind         Address    Size  Object
  -------            ----         -------    ----  ------
"A0":                                        0xec
  .intvec            ro code   0x800'0000    0xec  startup_stm32f103xb.o [1]
                             - 0x800'00ec    0xec

"P1":                                      0x1318
  .text              ro code   0x800'00ec   0x4c6  stm32f1xx_hal_rcc.o [1]
  .text              ro code   0x800'05b2    0x3a  zero_init3.o [3]
  .text              ro code   0x800'05ec     0xc  stm32f1xx_hal.o [1]
  .text              ro code   0x800'05f8    0x40  stm32f1xx_hal.o [1]
  .text              ro code   0x800'0638    0xac  stm32f1xx_hal_cortex.o [1]
  .text              ro code   0x800'06e4   0x232  stm32f1xx_hal_spi.o [1]
  .text              ro code   0x800'0918   0x22a  lcd.o [1]
  .text              ro code   0x800'0b44    0x28  stm32f1xx_hal.o [1]
  .text              ro code   0x800'0b6c   0x1c0  stm32f1xx_hal_gpio.o [1]
  .rodata            const     0x800'0d2c   0x12c  font.o [1]
  .rodata            const     0x800'0e58    0xa0  font.o [1]
  .text              ro code   0x800'0ef8    0xa0  spi.o [1]
  .text              ro code   0x800'0f98    0x80  stm32f1xx_hal_spi_ex.o [1]
  .text              ro code   0x800'1018    0x7e  main.o [1]
  .text              ro code   0x800'1098     0x6  ABImemclr4.o [3]
  .text              ro code   0x800'10a0    0x24  stm32f1xx_hal.o [1]
  .text              ro code   0x800'10c4    0x74  gpio.o [1]
  .text              ro code   0x800'1138    0x32  ABImemset48.o [3]
  .text              ro code   0x800'116c    0x44  stm32f1xx_hal_msp.o [1]
  .text              ro code   0x800'11b0    0x5c  system_stm32f1xx.o [1]
  .rodata            const     0x800'120c    0x3c  font.o [1]
  .text              ro code   0x800'1248    0x2c  copy_init3.o [3]
  .text              ro code   0x800'1274    0x28  data_init.o [3]
  .iar.init_table    const     0x800'129c    0x24  - Linker created -
  .text              ro code   0x800'12c0    0x1e  cmain.o [3]
  .text              ro code   0x800'12de     0x4  low_level_init.o [2]
  .text              ro code   0x800'12e2     0x4  exit.o [2]
  .text              ro code   0x800'12e8     0xa  cexit.o [3]
  .text              ro code   0x800'12f4    0x14  exit.o [4]
  .text              ro code   0x800'1308    0x14  stm32f1xx_it.o [1]
  .text              ro code   0x800'131c    0x10  stm32f1xx_hal.o [1]
  .text              ro code   0x800'132c    0x10  startup_stm32f103xb.o [1]
  Initializer bytes  const     0x800'133c    0x10  <for P2-1>
  .text              ro code   0x800'134c     0xc  cstartup_M.o [3]
  .text              ro code   0x800'1358     0x4  startup_stm32f103xb.o [1]
  .text              ro code   0x800'135c     0x4  startup_stm32f103xb.o [1]
  .text              ro code   0x800'1360     0x4  startup_stm32f103xb.o [1]
  .text              ro code   0x800'1364     0x4  startup_stm32f103xb.o [1]
  .text              ro code   0x800'1368     0x4  startup_stm32f103xb.o [1]
  .text              ro code   0x800'136c     0x4  startup_stm32f103xb.o [1]
  .text              ro code   0x800'1370     0x4  startup_stm32f103xb.o [1]
  .text              ro code   0x800'1374     0x4  startup_stm32f103xb.o [1]
  .text              ro code   0x800'1378     0x4  startup_stm32f103xb.o [1]
  .text              ro code   0x800'137c     0x4  startup_stm32f103xb.o [1]
  .text              ro code   0x800'1380     0x4  startup_stm32f103xb.o [1]
  .text              ro code   0x800'1384     0x4  startup_stm32f103xb.o [1]
  .text              ro code   0x800'1388     0x4  startup_stm32f103xb.o [1]
  .text              ro code   0x800'138c     0x4  startup_stm32f103xb.o [1]
  .text              ro code   0x800'1390     0x4  startup_stm32f103xb.o [1]
  .text              ro code   0x800'1394     0x4  startup_stm32f103xb.o [1]
  .text              ro code   0x800'1398     0x4  startup_stm32f103xb.o [1]
  .text              ro code   0x800'139c     0x4  startup_stm32f103xb.o [1]
  .text              ro code   0x800'13a0     0x4  startup_stm32f103xb.o [1]
  .text              ro code   0x800'13a4     0x4  startup_stm32f103xb.o [1]
  .text              ro code   0x800'13a8     0x4  startup_stm32f103xb.o [1]
  .text              ro code   0x800'13ac     0x4  startup_stm32f103xb.o [1]
  .text              ro code   0x800'13b0     0x4  startup_stm32f103xb.o [1]
  .text              ro code   0x800'13b4     0x4  startup_stm32f103xb.o [1]
  .text              ro code   0x800'13b8     0x4  startup_stm32f103xb.o [1]
  .text              ro code   0x800'13bc     0x4  startup_stm32f103xb.o [1]
  .text              ro code   0x800'13c0     0x4  startup_stm32f103xb.o [1]
  .text              ro code   0x800'13c4     0x4  startup_stm32f103xb.o [1]
  .text              ro code   0x800'13c8     0x4  startup_stm32f103xb.o [1]
  .text              ro code   0x800'13cc     0x4  startup_stm32f103xb.o [1]
  .text              ro code   0x800'13d0     0x4  startup_stm32f103xb.o [1]
  .text              ro code   0x800'13d4     0x4  startup_stm32f103xb.o [1]
  .text              ro code   0x800'13d8     0x4  startup_stm32f103xb.o [1]
  .text              ro code   0x800'13dc     0x4  startup_stm32f103xb.o [1]
  .text              ro code   0x800'13e0     0x4  startup_stm32f103xb.o [1]
  .text              ro code   0x800'13e4     0x4  startup_stm32f103xb.o [1]
  .text              ro code   0x800'13e8     0x4  startup_stm32f103xb.o [1]
  .text              ro code   0x800'13ec     0x4  startup_stm32f103xb.o [1]
  .text              ro code   0x800'13f0     0x4  startup_stm32f103xb.o [1]
  .text              ro code   0x800'13f4     0x4  startup_stm32f103xb.o [1]
  .text              ro code   0x800'13f8     0x4  startup_stm32f103xb.o [1]
  .text              ro code   0x800'13fc     0x4  startup_stm32f103xb.o [1]
  .text              ro code   0x800'1400     0x4  startup_stm32f103xb.o [1]
  .rodata            const     0x800'1404     0x0  zero_init3.o [3]
  .rodata            const     0x800'1404     0x0  copy_init3.o [3]
                             - 0x800'1404  0x1318

"P2", part 1 of 3:                           0x10
  P2-1                        0x2000'0000    0x10  <Init block>
    .data            inited   0x2000'0000     0xc  stm32f1xx_hal.o [1]
    .data            inited   0x2000'000c     0x4  system_stm32f1xx.o [1]
                            - 0x2000'0010    0x10

"P2", part 2 of 3:                           0x58
  .bss               zero     0x2000'0010    0x58  spi.o [1]
                            - 0x2000'0068    0x58

"P2", part 3 of 3:                          0x400
  CSTACK                      0x2000'0068   0x400  <Block>
    CSTACK           uninit   0x2000'0068   0x400  <Block tail>
                            - 0x2000'0468   0x400

Unused ranges:

         From           To      Size
         ----           --      ----
   0x800'1404   0x801'ffff  0x1'ebfc
  0x2000'0468  0x2000'4fff    0x4b98


*******************************************************************************
*** INIT TABLE
***

          Address      Size
          -------      ----
Zero (__iar_zero_init3)
    1 destination range, total size 0x58:
          0x2000'0010  0x58

Copy (__iar_copy_init3)
    1 source range, total size 0x10:
           0x800'133c  0x10
    1 destination range, total size 0x10:
          0x2000'0000  0x10



*******************************************************************************
*** MODULE SUMMARY
***

    Module                  ro code  ro data  rw data
    ------                  -------  -------  -------
command line/config:
    -------------------------------------------------
    Total:

C:\Users\JM\Desktop\stm32_learn\lcd 12864 Driver(SPI)\IAR\EWARM\IAR\Obj: [1]
    font.o                               520
    gpio.o                      116
    lcd.o                       554
    main.o                      126
    spi.o                       160                88
    startup_stm32f103xb.o       424
    stm32f1xx_hal.o             168       12       12
    stm32f1xx_hal_cortex.o      172
    stm32f1xx_hal_gpio.o        448
    stm32f1xx_hal_msp.o          68
    stm32f1xx_hal_rcc.o       1 222
    stm32f1xx_hal_spi.o         562
    stm32f1xx_hal_spi_ex.o      128
    stm32f1xx_it.o               20
    system_stm32f1xx.o           92        4        4
    -------------------------------------------------
    Total:                    4 260      536      104

dl7M_tlf.a: [2]
    exit.o                        4
    low_level_init.o              4
    -------------------------------------------------
    Total:                        8

rt7M_tl.a: [3]
    ABImemclr4.o                  6
    ABImemset48.o                50
    cexit.o                      10
    cmain.o                      30
    copy_init3.o                 44
    cstartup_M.o                 12
    data_init.o                  40
    zero_init3.o                 58
    -------------------------------------------------
    Total:                      250

shb_l.a: [4]
    exit.o                       20
    -------------------------------------------------
    Total:                       20

    Gaps                         14
    Linker created                        36    1 024
-----------------------------------------------------
    Grand Total:              4 552      572    1 128


*******************************************************************************
*** ENTRY LIST
***

Entry                       Address   Size  Type      Object
-----                       -------   ----  ----      ------
.iar.init_table$$Base    0x800'129c          --   Gb  - Linker created -
.iar.init_table$$Limit   0x800'12c0          --   Gb  - Linker created -
?main                    0x800'12c1         Code  Gb  cmain.o [3]
AHBPrescTable            0x800'11fc   0x10  Data  Gb  system_stm32f1xx.o [1]
BusFault_Handler         0x800'130f    0x2  Code  Gb  stm32f1xx_it.o [1]
CSTACK$$Base            0x2000'0068          --   Gb  - Linker created -
CSTACK$$Limit           0x2000'0468          --   Gb  - Linker created -
DebugMon_Handler         0x800'1315    0x2  Code  Gb  stm32f1xx_it.o [1]
Error_Handler            0x800'1095    0x2  Code  Gb  main.o [1]
HAL_Delay                0x800'0b45   0x28  Code  Wk  stm32f1xx_hal.o [1]
HAL_GPIO_Init            0x800'0b6d  0x182  Code  Gb  stm32f1xx_hal_gpio.o [1]
HAL_GPIO_WritePin        0x800'0cef    0x8  Code  Gb  stm32f1xx_hal_gpio.o [1]
HAL_GetTick              0x800'05ed    0xc  Code  Wk  stm32f1xx_hal.o [1]
HAL_IncTick              0x800'131d   0x10  Code  Wk  stm32f1xx_hal.o [1]
HAL_Init                 0x800'10a1   0x20  Code  Gb  stm32f1xx_hal.o [1]
HAL_InitTick             0x800'05f9   0x40  Code  Wk  stm32f1xx_hal.o [1]
HAL_MspInit              0x800'116d   0x44  Code  Gb  stm32f1xx_hal_msp.o [1]
HAL_NVIC_SetPriority     0x800'066d   0x3a  Code  Gb  stm32f1xx_hal_cortex.o [1]
HAL_NVIC_SetPriorityGrouping
                         0x800'0653   0x1a  Code  Gb  stm32f1xx_hal_cortex.o [1]
HAL_RCC_ClockConfig      0x800'0405  0x124  Code  Gb  stm32f1xx_hal_rcc.o [1]
HAL_RCC_GetSysClockFreq
                         0x800'053d   0x3a  Code  Gb  stm32f1xx_hal_rcc.o [1]
HAL_RCC_GetSysClockFreq::aPLLMULFactorTable
                         0x800'05a0   0x10  Data  Lc  stm32f1xx_hal_rcc.o [1]
HAL_RCC_GetSysClockFreq::aPredivFactorTable
                         0x800'05b0    0x2  Data  Lc  stm32f1xx_hal_rcc.o [1]
HAL_RCC_OscConfig        0x800'00ed  0x310  Code  Gb  stm32f1xx_hal_rcc.o [1]
HAL_SPI_Init             0x800'0f99   0x80  Code  Gb  stm32f1xx_hal_spi_ex.o [1]
HAL_SPI_MspInit          0x800'0f35   0x54  Code  Gb  spi.o [1]
HAL_SPI_Transmit         0x800'06e5  0x16a  Code  Gb  stm32f1xx_hal_spi.o [1]
HAL_SYSTICK_Config       0x800'06a7   0x28  Code  Gb  stm32f1xx_hal_cortex.o [1]
HardFault_Handler        0x800'130b    0x2  Code  Gb  stm32f1xx_it.o [1]
Init_ST7567              0x800'098f   0x50  Code  Gb  lcd.o [1]
MX_GPIO_Init             0x800'10c5   0x6c  Code  Gb  gpio.o [1]
MX_SPI1_Init             0x800'0ef9   0x3c  Code  Gb  spi.o [1]
MemManage_Handler        0x800'130d    0x2  Code  Gb  stm32f1xx_it.o [1]
NMI_Handler              0x800'1309    0x2  Code  Gb  stm32f1xx_it.o [1]
NVIC_SetPriority         0x800'0639   0x1a  Code  Lc  stm32f1xx_hal_cortex.o [1]
PendSV_Handler           0x800'1317    0x2  Code  Gb  stm32f1xx_it.o [1]
Region$$Table$$Base      0x800'129c          --   Gb  - Linker created -
Region$$Table$$Limit     0x800'12c0          --   Gb  - Linker created -
SPI_CheckFlag_BSY        0x800'08e5   0x1a  Code  Lc  stm32f1xx_hal_spi.o [1]
SPI_WaitFlagStateUntilTimeout
                         0x800'0859   0x8c  Code  Lc  stm32f1xx_hal_spi.o [1]
SVC_Handler              0x800'1313    0x2  Code  Gb  stm32f1xx_it.o [1]
SysTick_Handler          0x800'1319    0x4  Code  Gb  stm32f1xx_it.o [1]
SystemClock_Config       0x800'103f   0x56  Code  Gb  main.o [1]
SystemCoreClock         0x2000'000c    0x4  Data  Gb  system_stm32f1xx.o [1]
SystemInit               0x800'11b1   0x3c  Code  Gb  system_stm32f1xx.o [1]
UsageFault_Handler       0x800'1311    0x2  Code  Gb  stm32f1xx_it.o [1]
__aeabi_memclr4          0x800'1099         Code  Gb  ABImemclr4.o [3]
__cmain                  0x800'12c1         Code  Gb  cmain.o [3]
__exit                   0x800'12f5   0x14  Code  Gb  exit.o [4]
__iar_Memset4_word       0x800'1139         Code  Gb  ABImemset48.o [3]
__iar_Memset8_word       0x800'1139         Code  Gb  ABImemset48.o [3]
__iar_copy_init3         0x800'1249   0x2c  Code  Gb  copy_init3.o [3]
__iar_data_init3         0x800'1275   0x28  Code  Gb  data_init.o [3]
__iar_program_start      0x800'134d         Code  Gb  cstartup_M.o [3]
__iar_zero_init3         0x800'05b3   0x3a  Code  Gb  zero_init3.o [3]
__low_level_init         0x800'12df    0x4  Code  Gb  low_level_init.o [2]
__vector_table           0x800'0000         Data  Gb  startup_stm32f103xb.o [1]
_call_main               0x800'12cd         Code  Gb  cmain.o [3]
_exit                    0x800'12e9         Code  Gb  cexit.o [3]
_main                    0x800'12db         Code  Gb  cmain.o [3]
display_num              0x800'0ab1   0x6a  Code  Gb  lcd.o [1]
exit                     0x800'12e3    0x4  Code  Gb  exit.o [2]
hspi1                   0x2000'0010   0x58  Data  Gb  spi.o [1]
lcd_HDReset              0x800'0919   0x28  Code  Gb  lcd.o [1]
main                     0x800'1019   0x26  Code  Gb  main.o [1]
num_l                    0x800'0d2c  0x12c  Data  Gb  font.o [1]
num_m                    0x800'0e58   0xa0  Data  Gb  font.o [1]
num_s                    0x800'120c   0x3c  Data  Gb  font.o [1]
show_num_l               0x800'0a6b   0x46  Code  Gb  lcd.o [1]
show_num_m               0x800'0a17   0x40  Code  Gb  lcd.o [1]
show_num_s               0x800'09df   0x32  Code  Gb  lcd.o [1]
uwTick                  0x2000'0004    0x4  Data  Gb  stm32f1xx_hal.o [1]
uwTickFreq              0x2000'0000    0x1  Data  Gb  stm32f1xx_hal.o [1]
uwTickPrio              0x2000'0008    0x4  Data  Gb  stm32f1xx_hal.o [1]
write_lcd_cmd_spi        0x800'0953    0x8  Code  Gb  lcd.o [1]
write_lcd_data_spi       0x800'0949    0xa  Code  Gb  lcd.o [1]


[1] = C:\Users\JM\Desktop\stm32_learn\lcd 12864 Driver(SPI)\IAR\EWARM\IAR\Obj
[2] = dl7M_tlf.a
[3] = rt7M_tl.a
[4] = shb_l.a

  4 552 bytes of readonly  code memory
    572 bytes of readonly  data memory
  1 128 bytes of readwrite data memory

Errors: none
Warnings: none
